border_size=1
usage=map

Xu          , Xu          , Xu          , Xu          , Xu          , Xu          , Xu          , Xu          , Xu          , Xu          , Xu          , Xu          , Xu          , Xu          , Xu          , Xu          , Xu          , Xu          , Xu          , Xu          , Xu          , Xu          , Xu          , Xu          , Xu          , Xu          , Xu          , Xu          , Xu          , Xu          
Xu          , Xu          , Xu          , Xu          , Xu          , Xu          , Xu          , Xu          , Xu          , Xu          , Xu          , Xu          , Xu          , Xu          , Xu          , Xu          , Xu          , Xu          , Xu          , Xu          , Xu          , Xu          , Xu          , Xu          , Xu          , Xu          , Xu          , Xu          , Xu          , Xu          
Xu          , Xu          , Xu          , Xu          , Xu          , Xu          , Xu          , Xu          , Xu          , Xu          , Xu          , Xu          , Xu          , Xu          , Xu          , Xu          , Xu          , Xu          , Xu          , Xu          , Xu          , Xu          , Xu          , Xu          , Xu          , Xu          , Xu          , Xu          , Xu          , Xu          
Uu          , Xu          , Uu          , Xu          , Xu          , Xu          , Xu          , Xu          , Xu          , Xu          , Xu          , Xu          , Xu          , Xu          , Xu          , Xu          , Xu          , Xu          , Xu          , Xu          , Xu          , Xu          , Xu          , Xu          , Xu          , Xu          , Xu          , Xu          , Xu          , Xu          
Uu          , Uh          , Uh          , Uu          , Uu          , Xu          , Xu          , Xu          , Xu          , Xu          , Xu          , Xu          , Xu          , Xu          , Xu          , Xu          , Xu          , Xu          , Xu          , Xu          , Xu          , Xu          , Xu          , Xu          , Xu          , Xu          , Xu          , Xu          , Xu          , Xu          
Uu          , Uu          , Uu          , Uh          , Co          , Uu          , Uu          , Uh          , Uu          , Xu          , Xu          , Xu          , Xu          , Xu          , Xu          , Xu          , Xu          , Xu          , Xu          , Xu          , Xu          , Xu          , Xu          , Xu          , Xu          , Xu          , Xu          , Xu          , Xu          , Xu          
Uu          , Uu^Uf       , Uu          , Uu^Uf       , 3 Ko        , Uu^Vu       , Uh          , Uu          , Uu^Uf       , Uh          , Uh          , Xu          , Xu          , Xu          , Xu          , Xu          , Xu          , Xu          , Xu          , Xu          , Xu          , Xu          , Xu          , Xu          , Xu          , Xu          , Xu          , Xu          , Xu          , Xu          
Uu          , Uu^Uf       , Uu^Uf       , Co          , Uu          , Co          , Uu          , Uu          , Uu          , Uu          , Uu          , Uh          , Uu          , Xu          , Xu          , Xu          , Xu          , Xu          , Xu          , Xu          , Xu          , Xu          , Xu          , Xu          , Xu          , Xu          , Xu          , Xu          , Uu^Uf       , Uu          
Uu          , Uu          , Uu^Vu       , Uu          , Uu^Uf       , Uu^Uf       , Uu          , Uu          , Uh          , Uu          , Uu          , Uu          , Uu          , Uu          , Uu^Uf       , Xu          , Uu          , Xu          , Xu          , Xu          , Xu          , Xu          , Xu          , Xu          , Xu          , Xu          , Uh          , Uh          , Uu^Uf       , Uu          
Xu          , Xu          , Xu          , Uu          , Uu^Uf       , Uu^Uf       , Uu          , Uu          , Uu          , Uu^Vu       , Uu          , Uu          , Uu^Vu       , Uu          , Uu          , Uu          , Uu          , Uu          , Uu          , Uh          , Uu          , Xu          , Xu          , Xu          , Uu          , Uu^Vu       , Co          , Uu          , Uu^Vu       , Uu          
Xu          , Xu          , Xu          , Xu          , Xu          , Uh          , Xu          , Uu          , Xu          , Uu^Uf       , Uu^Uf       , Uu          , Uu          , Uu          , Uh          , Uu          , Uh          , Uu^Uf       , Uu^Uf       , Uu          , Uu          , Uu          , Uu          , Uu          , Uu          , Co          , 2 Ko        , Co          , Uu          , Uh          
Xu          , Xu          , Xu          , Xu          , Xu          , Xu          , Xu          , Xu          , Xu          , Xu          , Uu          , Uu          , Uu          , Uh          , Uh          , Uu          , Uh          , Uu^Uf       , Uu          , Uu          , Uh          , Uu          , Uu          , Uu          , Uu          , Uu          , Uu          , Co          , Uu^Uf       , Uh          
Xu          , Xu          , Xu          , Xu          , Xu          , Xu          , Xu          , Xu          , Xu          , Xu          , Xu          , Uu          , Uu          , Uu          , Uu          , Uu          , Uu          , Uu          , Uu^Uf       , Uh          , Uh          , Uh          , Uu          , Uh          , Uu^Uf       , Uu^Vu       , Uh          , Uu^Uf       , Uh          , Uu          
Xu          , Xu          , Xu          , Xu          , Xu          , Xu          , Xu          , Xu          , Xu          , Xu          , Xu          , Uh          , Uu          , Uu          , Uu          , Uu          , Uh          , Uu          , Uu          , Uh          , Uu^Uf       , Uu^Uf       , Uu          , Uu          , Uu          , Uu          , Uu          , Uu          , Xu          , Uu          
Xu          , Xu          , Xu          , Xu          , Xu          , Xu          , Xu          , Xu          , Xu          , Xu          , Xu          , Uh          , Uu          , Uu^Uf       , Uu          , Uu          , Uu          , Uu          , Uu          , Uu          , Uu^Uf       , Uu^Uf       , Uh          , Uu          , Uu          , Uu          , Xu          , Xu          , Xu          , Xu          
Xu          , Xu          , Xu          , Xu          , Xu          , Xu          , Xu          , Xu          , Xu          , Xu          , Xu          , Xu          , Uh          , Uh          , Uu          , Uu^Uf       , Uu          , Uh          , Uu          , Uu^Vu       , Uu          , Uh          , Uu^Uf       , Uu          , Uu          , Uh          , Xu          , Xu          , Xu          , Xu          
Xu          , Xu          , Xu          , Xu          , Xu          , Xu          , Xu          , Xu          , Xu          , Xu          , Xu          , Xu          , Uu          , Uu          , Uu          , Uu          , Uu^Uf       , Uu          , Uu^Uf       , Uu          , Uu^Uf       , Uu          , Uu          , Uu          , Uu^Uf       , Xu          , Xu          , Xu          , Xu          , Xu          
Xu          , Xu          , Xu          , Xu          , Xu          , Xu          , Xu          , Xu          , Xu          , Xu          , Xu          , Xu          , Xu          , Uu^Uf       , Uu          , Uu          , Uu          , Uh          , Uh          , Uu          , Uu^Uf       , Uu          , Uh          , Uu          , Uu^Uf       , Xu          , Xu          , Xu          , Xu          , Xu          
Xu          , Xu          , Xu          , Xu          , Xu          , Xu          , Xu          , Xu          , Xu          , Xu          , Xu          , Xu          , Xu          , Uu          , Uu^Uf       , Uu^Uf       , Uu          , Uh          , Uu          , Uu          , Uu          , Uu          , Uu          , Uu          , Xu          , Xu          , Xu          , Xu          , Xu          , Xu          
Xu          , Xu          , Xu          , Xu          , Xu          , Xu          , Xu          , Xu          , Xu          , Xu          , Xu          , Xu          , Ur          , Uu^Uf       , Uu          , Uu          , Uu          , Uu^Uf       , Uu          , Uu          , Uu          , Uu^Uf       , Uu          , Xu          , Xu          , Xu          , Xu          , Xu          , Xu          , Xu          
Xu          , Xu          , Xu          , Xu          , Xu          , Xu          , Xu          , Xu          , Uh          , Xu          , Uh          , Ur          , Ur          , Uu^Uf       , Uu          , Uu^Vu       , Uu          , Uu          , Uh          , Uu^Uf       , Uu          , Uu          , Xu          , Xu          , Xu          , Xu          , Xu          , Xu          , Xu          , Xu          
Xu          , Xu          , Xu          , Xu          , Xu          , Xu          , Xu          , Uu          , Uu          , Uu          , Uh          , Cud         , Uu          , Ur          , Ur          , Uu          , Uh          , Uh          , Uu          , Uu^Uf       , Uh          , Uh          , Xu          , Xu          , Xu          , Xu          , Xu          , Xu          , Xu          , Xu          
Xu          , Xu          , Xu          , Xu          , Xu          , Xu          , Uu^Uf       , Uh          , Uu^Uf       , Uu          , Uu          , Uu          , Uu          , Cud         , Ur          , Uu          , Uh          , Uu          , Uu^Vu       , Uu          , Xu          , Xu          , Xu          , Xu          , Xu          , Xu          , Xu          , Xu          , Xu          , Xu          
Xu          , Xu          , Xu          , Xu          , Xu          , Xu          , Uu          , Uu^Vud      , Uu          , Uh          , Uu          , Uu^Vud      , Uu^Uf       , Uu^Uf       , Cud         , Ur          , Ur          , Uu          , Uu^Uf       , Uu          , Xu          , Xu          , Xu          , Xu          , Xu          , Xu          , Xu          , Xu          , Xu          , Xu          
Xu          , Xu          , Xu          , Xu          , Uu          , Uu^Uf       , Uu          , Uh          , Uu          , Cud         , 1 Kud       , Cud         , Uu          , Uu^Uf       , Uu          , Ur          , Xu          , Xu          , Xu          , Xu          , Xu          , Xu          , Xu          , Xu          , Xu          , Xu          , Xu          , Xu          , Xu          , Xu          
Xu          , Xu          , Xu          , Xu          , Uu          , Uu^Vud      , Uh          , Uh          , Ur          , Ur          , Cud         , Uu          , Uu          , Uu^Vud      , Uu          , Uu          , Xu          , Xu          , Xu          , Xu          , Xu          , Xu          , Xu          , Xu          , Xu          , Xu          , Xu          , Xu          , Xu          , Xu          
Xu          , Xu          , Uu^Uf       , Uh          , Ur          , Ur          , Ur          , Ur          , Uu          , Uu          , Uh          , Uu          , Uh          , Uu          , Uh          , Uu          , Xu          , Xu          , Xu          , Xu          , Xu          , Xu          , Xu          , Xu          , Xu          , Xu          , Xu          , Xu          , Xu          , Xu          
Uu          , Uh          , Uu          , Ur          , Uu          , Uu^Uf       , Uu          , Uh          , Uu^Uf       , Uu^Vud      , Uu          , Uu^Uf       , Uu          , Uu          , Uu^Uf       , Xu          , Xu          , Xu          , Xu          , Xu          , Xu          , Xu          , Xu          , Xu          , Xu          , Xu          , Xu          , Xu          , Xu          , Xu          
Uu          , Uu          , Ur          , Ur          , Uh          , Uu          , Uu^Uf       , Uh          , Uu          , Uu^Uf       , Xu          , Uh          , Xu          , Uu^Vud      , Xu          , Xu          , Xu          , Xu          , Xu          , Xu          , Xu          , Xu          , Xu          , Xu          , Xu          , Xu          , Xu          , Xu          , Xu          , Xu          
Uh          , Ur          , Ur          , Uu          , Xu          , Xu          , Xu          , Xu          , Xu          , Xu          , Xu          , Xu          , Xu          , Xu          , Xu          , Xu          , Xu          , Xu          , Xu          , Xu          , Xu          , Xu          , Xu          , Xu          , Xu          , Xu          , Xu          , Xu          , Xu          , Xu          
Uu^Uf       , Ur          , Uu          , Xu          , Xu          , Xu          , Xu          , Xu          , Xu          , Xu          , Xu          , Xu          , Xu          , Xu          , Xu          , Xu          , Xu          , Xu          , Xu          , Xu          , Xu          , Xu          , Xu          , Xu          , Xu          , Xu          , Xu          , Xu          , Xu          , Xu          
