border_size=1
usage=map

Uu          , Ur          , Ur          , Uu          , Uu          , Uu^Uf       , Uu^Uf       , Xuc         , Xuc         , Xuc         , Xuc         , Xuc         , Xuc         , Xuc         , Xuc         , Xuc         , Xuc         , Xuc         , Xuc         , Xuc         , Xuc         , Uu          , Uu^Uf       , Uu          , Uu          , Xuc         , Xuc         , Xuc         , Xuc         , Xuc         , Xuc         , Xuc         , Xuc         , Xuc         , Xuc         , Xuc         , Xuc         , Xuc         , Xuc         , Xuc         , Xuc         , Xuc         , Xuc         , Xuc         , Xuc         , Xuc         , Xuc         , Xuc         , Xuc         , Xuc         
Uu^Uf       , Uu          , Uu          , Ur          , Ur          , Uu          , Uh          , Xuc         , Xuc         , Xuc         , Xuc         , Xuc         , Xuc         , Xuc         , Xuc         , Xuc         , Xuc         , Xuc         , Xuc         , Xuc         , Xuc         , Uh          , Uu          , Uu^Uf       , Uh          , Xuc         , Xuc         , Xuc         , Xuc         , Xuc         , Xuc         , Xuc         , Xuc         , Xuc         , Xuc         , Xuc         , Xuc         , Xuc         , Xuc         , Xuc         , Xuc         , Xuc         , Xuc         , Xuc         , Xuc         , Xuc         , Xuc         , Xuc         , Xuc         , Xuc         
Uu^Uf       , Uu^Uf       , Uu          , Uh          , Ur          , Uu          , Cud         , Uh          , Uu^Uf       , Uu^Uf       , Xuc         , Xuc         , Xuc         , Xuc         , Xuc         , Xuc         , Xuc         , Xuc         , Xuc         , Xuc         , Xuc         , Xuc         , Uh          , Uu^Vu       , Uh          , Uu          , Xuc         , Xuc         , Xuc         , Xuc         , Xuc         , Xuc         , Xuc         , Xuc         , Xuc         , Xuc         , Xuc         , Xuc         , Xuc         , Xuc         , Xuc         , Xuc         , Xuc         , Xuc         , Xuc         , Xuc         , Xuc         , Xuc         , Xuc         , Xuc         
Xuc         , Xuc         , Xuc         , Uh          , Uh          , Cud         , 5 Kud       , Cud         , Uu          , Uu^Uf       , Xuc         , Xuc         , Xuc         , Xuc         , Xuc         , Xuc         , Xuc         , Xuc         , Xuc         , Xuc         , Xuc         , Uh          , Uu          , Uu^Uf       , Uu^Uf       , Uh          , Xuc         , Xuc         , Xuc         , Xuc         , Xuc         , Xuc         , Xuc         , Xuc         , Xuc         , Xuc         , Xuc         , Xuc         , Xuc         , Xuc         , Xuc         , Xuc         , Xuc         , Xuc         , Xuc         , Xuc         , Uh          , Uh          , Uu^Uf       , Xuc         
Xuc         , Xuc         , Xuc         , Uu          , Uu          , Cud         , Cud         , Cud         , Ur          , Uu          , Uu          , Xuc         , Xuc         , Xuc         , Xuc         , Xuc         , Xuc         , Xuc         , Xuc         , Xuc         , Xuc         , Xuc         , Uu          , Uu^Uf       , Co          , Co          , Co          , Xuc         , Xuc         , Xuc         , Xuc         , Xuc         , Xuc         , Xuc         , Xuc         , Xuc         , Xuc         , Xuc         , Xuc         , Xuc         , Xuc         , Xuc         , Xuc         , Xuc         , Uu^Uf       , Uu          , Ur          , Uu^Vu       , Ur          , Uu^Uf       
Xuc         , Xuc         , Xuc         , Uh          , Uh          , Uu          , Uh          , Uu^Uf       , Ur          , Uu          , Uu^Uf       , Xuc         , Xuc         , Xuc         , Xuc         , Xuc         , Xuc         , Xuc         , Xuc         , Xuc         , Xuc         , Xuc         , Xuc         , Uu          , Ko          , Co          , Co          , Uu          , Xuc         , Xuc         , Xuc         , Xuc         , Xuc         , Xuc         , Xuc         , Xuc         , Xuc         , Xuc         , Xuc         , Xuc         , Uu^Uf       , Uh          , Uh          , Uh          , Ur          , Ur          , Uu          , Ur          , Uh          , Ur          
Xuc         , Xuc         , Xuc         , Xuc         , Xuc         , Uu          , Uh          , Uu^Uf       , Ur          , Uu^Uf       , Uh          , Uu          , Uu          , Xuc         , Xuc         , Xuc         , Xuc         , Xuc         , Xuc         , Xuc         , Xuc         , Xuc         , Xuc         , Uu^Uf       , Uu^Uf       , Co          , Uu          , Uh          , Xuc         , Xuc         , Xuc         , Xuc         , Xuc         , Xuc         , Xuc         , Xuc         , Xuc         , Xuc         , Xuc         , Uh          , Uu^Uf       , Uu^Uf       , Uh          , Uh          , Ur          , Uu^Uf       , Uu          , Uh          , Uu          , Uu          
Xuc         , Xuc         , Xuc         , Xuc         , Xuc         , Uu          , Uu^Vu       , Uh          , Ur          , Uu^Uf       , Uh          , Uu^Uf       , Uu^Uf       , Uu          , Uh          , Xuc         , Xuc         , Xuc         , Xuc         , Xuc         , Xuc         , Xuc         , Xuc         , Uu          , Uu          , Uh          , Uu^Vu       , Uh          , Uh          , Xuc         , Xuc         , Xuc         , Xuc         , Xuc         , Xuc         , Xuc         , Xuc         , Xuc         , Uh          , Uh          , Uu^Vu       , Uu^Uf       , Ur          , Ur          , Uu          , Uu^Uf       , Xuc         , Uu          , Xuc         , Xuc         
Xuc         , Xuc         , Xuc         , Xuc         , Uh          , Uu          , Uu^Uf       , Uu^Uf       , Uu          , Ur          , Ur          , Uu          , Uu          , Uu^Vu       , Uu          , Xuc         , Xuc         , Xuc         , Xuc         , Xuc         , Xuc         , Xuc         , Xuc         , Uh          , Uu          , Uu          , Uh          , Uu          , Uu          , Xuc         , Xuc         , Xuc         , Xuc         , Xuc         , Xuc         , Xuc         , Xuc         , Xuc         , Uu          , Uu          , Cud         , Cud         , Cud         , Uu^Uf       , Xuc         , Xuc         , Xuc         , Xuc         , Xuc         , Xuc         
Xuc         , Xuc         , Xuc         , Xuc         , Uh          , Uu          , Uu^Uf       , Uh          , Ur          , Ur          , Uu          , Ur          , Ur          , Uh          , Uu^Uf       , Xuc         , Xuc         , Xuc         , Xuc         , Xuc         , Xuc         , Xuc         , Xuc         , Uh          , Uh          , Uu          , Uh          , Uu          , Uu          , Xuc         , Xuc         , Xuc         , Xuc         , Xuc         , Xuc         , Xuc         , Xuc         , Xuc         , Uu          , Uu^Uf       , Cud         , 6 Kud       , Cud         , Uu^Uf       , Xuc         , Xuc         , Xuc         , Xuc         , Xuc         , Xuc         
Xuc         , Xuc         , Xuc         , Xuc         , Xuc         , Uu          , Ur          , Ur          , Uu^Uf       , Uh          , Xuc         , Uu          , Xuc         , Ur          , Ur          , Uu          , Uh          , Xuc         , Xuc         , Xuc         , Xuc         , Xuc         , Xuc         , Xuc         , Uu          , Uu          , Uu          , Uu^Uf       , Uu          , Uh          , Xuc         , Xuc         , Xuc         , Xuc         , Xuc         , Xuc         , Xuc         , Uh          , Uu^Uf       , Uu          , Ur          , Cud         , Uh          , Uu          , Xuc         , Xuc         , Xuc         , Xuc         , Xuce        , Xuce        
Xuc         , Xuc         , Xuc         , Xuc         , Xuc         , Ur          , Uu          , Uu          , Uu          , Xuc         , Xuc         , Xuc         , Xuc         , Xuc         , Xuc         , Ur          , Uu          , Uh          , Xuc         , Xuc         , Xuc         , Xuc         , Xuc         , Xuc         , Uh          , Uu^Vu       , Uu^Uf       , Uu^Uf       , Uu          , Uh          , Uh          , Xuc         , Xuc         , Xuc         , Xuc         , Xuc         , Uh          , Uh          , Uu^Uf       , Uu^Uf       , Ur          , Uh          , Uh          , Uu          , Xuc         , Xuc         , Xuce        , Xuce        , Rb^Vu       , Uue         
Xuc         , Xuc         , Xuc         , Xuc         , Xuc         , Ur          , Uu^Uf       , Uu          , Uh          , Uh          , Xuc         , Xuc         , Xuc         , Xuc         , Uu          , Ur          , Uu          , Uh          , Xuc         , Xuc         , Xuc         , Xuc         , Xuc         , Xuc         , Uh          , Uu          , Uu          , Uh          , Uh          , Uu^Vu       , Uu          , Xuc         , Xuc         , Xuc         , Xuc         , Xuc         , Uu          , Uu^Uf       , Uu          , Uu^Vu       , Ur          , Uu          , Xu          , Xu          , Xuce        , Xuc         , Xuce        , Rb          , Uue         , Rb          
Xuc         , Xuc         , Xuc         , Xuc         , Xuc         , Ur          , Ur          , Uh          , Xuc         , Xuc         , Xuc         , Xuc         , Xuc         , Uu          , Uu^Vu       , Ur          , Uu^Uf       , Uu          , Uu^Uf       , Xuc         , Xuc         , Xuc         , Xuc         , Xuc         , Xuc         , Uh          , Uu          , Uh          , Uu          , Uu^Uf       , Xuc         , Xuc         , Xuc         , Xuc         , Uh          , Uu          , Uh          , Uh          , Uu          , Ur          , Xu          , Xu          , Xuce        , Xuce        , Uue         , Xuce        , Rb^Vu       , Uue         , Uue         , Uue         
Xuc         , Xuc         , Xuc         , Xuc         , Xuc         , Xuc         , Ur          , Uu^Vu       , Xuc         , Xuc         , Xuc         , Xuc         , Xuc         , Xuc         , Uh          , Ur          , Ur          , Uu^Uf       , Uh          , Uu          , Uu          , Xuc         , Xuc         , Xuc         , Xuc         , Xuc         , Xuc         , Xuc         , Xuc         , Xuc         , Xuc         , Xuc         , Xuc         , Xuc         , Uh          , Uu          , Uu          , Uh          , Ur          , Ur          , Uu          , Xuce        , Uue^Uf      , Uue^Uf      , Co          , Uue         , Uue         , Rb          , Xuce        , Xuce        
Xuc         , Xuc         , Xuc         , Xuc         , Xuc         , Xuc         , Uh          , Ur          , Ur          , Xuc         , Uu          , Uu          , Uu          , Uh          , Uu^Uf       , Uu          , Ur          , Uh          , Uh          , Uu          , Uu          , Uu          , Uu          , Xuc         , Uu^Uf       , Uu          , Uh          , Uu          , Uu          , Xuc         , Uu          , Uu          , Uu          , Uh          , Uu          , Uu^Vu       , Uu          , Uu          , Ur          , Uu          , Uu^Uf       , Xuce        , Xuce        , Co          , Ko          , Co          , Uue^Uf      , Uue^Uf      , Xuce        , Xuc         
Xuc         , Xuc         , Xuc         , Xuc         , Xuc         , Xuc         , Uu          , Uh          , Uu^Uf       , Ur          , Ur          , Ur          , Ur          , Uu^Uf       , Uh          , Uu^Uf       , Ur          , Uu          , Uu          , Uu          , Uu^Uf       , Uu          , Uu          , Uu          , Uu^Uf       , Uh          , Uh          , Uu          , Uu          , Uu^Uf       , Uu          , Uu          , Uu          , Uu          , Uu^Uf       , Uu          , Uh          , Uh          , Ur          , Uu          , Uu^Uf       , Uu^Uf       , Xuce        , Co          , Co          , Co          , Uue^Uf      , Xuce        , Xuc         , Xuc         
Xuc         , Xuc         , Xuc         , Xuc         , Xuc         , Xuc         , Xuc         , Uu          , Uu^Uf       , Uu^Uf       , Uh          , Uu          , Uu^Uf       , Ur          , Ur          , Ur          , Ur          , Uu          , Uu          , Uu^Uf       , Uh          , Uu^Uf       , Xu          , Uu          , Uh          , Uu^Uf       , Uu          , Uu          , Uu^Uf       , Uu^Uf       , Uh          , Uh          , Uh          , Uu          , Uu^Uf       , Uu          , Uu          , Uh          , Ur          , Uu^Uf       , Uu          , Xuce        , Uue         , Rb^Vu       , Rb          , Uue         , Xuce        , Xuce        , Xuc         , Xuc         
Xuc         , Xuc         , Xuc         , Xuc         , Xuc         , Xuc         , Xuc         , Xuc         , Xuc         , Uh          , Xuc         , Uh          , Uu^Uf       , Uu          , Uu          , Uh          , Uu          , Ur          , Ur          , Uh          , Xu          , Xu          , Xu          , Xu          , Xu          , Uh          , Uu          , Uu          , Uu          , Uh          , Xu          , Xu          , Xu          , Uu          , Uu          , Uu^Uf       , Uu          , Ur          , Uu          , Uu^Vu       , Uu          , Xuce        , Xuce        , Uue         , Xuc         , Xuce        , Xuc         , Xuc         , Xuc         , Xuc         
Xuc         , Xuc         , Xuc         , Xuc         , Xuc         , Xuc         , Xuc         , Xuc         , Xuc         , Xuc         , Xuc         , Xuc         , Xuc         , Uu^Uf       , Uu          , Uu          , Uh          , Uu          , Ur          , Uh          , Cud         , Xu          , Xuc         , Xuc         , Xuc         , Xu          , Cud         , Uu          , Cud         , Xu          , Xuc         , Xuc         , Xuc         , Xu          , Xu          , Uu          , Uu          , Ur          , Uu          , Uu          , Uh          , Xuce        , Xuc         , Xuc         , Xuc         , Xuc         , Xuc         , Xuc         , Xuc         , Xuc         
Xuc         , Xuc         , Xuc         , Xuc         , Xuc         , Xuc         , Xuc         , Xuc         , Xuc         , Xuc         , Xuc         , Xuc         , Xuc         , Xuc         , Uu^Uf       , Uh          , Xu          , Xu          , Cud         , Rrc         , Rrc         , Xuc         , Cud         , Kud         , Cud         , Xuc         , Rrc         , Rrc         , Uu          , Xuc         , Cud         , Cud         , Cud         , Xuc         , Xu          , Uh          , Uu          , Ur          , Uu^Uf       , Uh          , Xuc         , Xuc         , Xuc         , Xuc         , Xuc         , Xuc         , Xuc         , Xuc         , Xuc         , Xuc         
Xuc         , Xuc         , Xuc         , Xuc         , Xuc         , Xuc         , Xuc         , Xuc         , Xuc         , Xuc         , Uu^Vu       , Xuc         , Xuc         , Xuc         , Uu          , Uu^Uf       , Xu          , Xu          , Xu          , Uu          , Uu          , Rrc         , Uu          , Cud         , Uu^Vud      , Rrc         , Uu^Vud      , Uu          , Uu^Vud      , Uu          , Rrc         , Kud         , Cud         , Xuc         , Cud         , Uh          , Ur          , Ur          , Uh^Uf       , Xuc         , Xuc         , Xuc         , Xuc         , Xuc         , Xuc         , Xuc         , Xuc         , Xuc         , Xuc         , Xuc         
Xuc         , Xuc         , Xuc         , Xuc         , Xuc         , Xuc         , Uu          , Uh          , Uh          , Uu          , Uu          , Xuc         , Xuc         , Uu          , Uu          , Uu^Uf       , Xu          , Xu          , Xu          , Uu^Vud      , Rrc         , Rrc         , Rrc         , Uu          , Rrc         , Rrc         , Rrc         , Uu          , Rrc         , Rrc         , Uu^Vud      , Rrc         , Rrc         , Rrc         , Rrc         , Ur          , Uu          , Uu          , Uh          , Xuc         , Xuc         , Xuc         , Xuc         , Xuc         , Xuc         , Xuc         , Xuc         , Xuc         , Xuc         , Xuc         
Xuc         , Xuc         , Xuc         , Xuc         , Uu          , Uu^Uf       , Uu^Uf       , Uu^Vu       , Uu^Uf       , Uu^Uf       , Uu          , Xuc         , Xuc         , Uu          , Uu          , Uu          , Xu          , Xu          , Rrc         , Rrc         , Uu          , Uu^Vud      , Uu          , Rrc         , 1 Cud       , 3 Cud       , 4 Cud       , Rrc         , Uu^Vud      , Uu          , Uu          , Uu          , Uu          , Uu          , Cud         , Xuc         , Xu          , Uu          , Uu          , Uh          , Xuc         , Xuc         , Xuc         , Xuc         , Xuc         , Xuc         , Xuc         , Xuc         , Xuc         , Xuc         
Xuc         , Xuc         , Xuc         , Xuc         , Uh          , Uu          , Uh          , Uu          , Uu          , Uu^Uf       , Uh          , Uu^Vu       , Xuc         , Xuc         , Uh          , Uu          , Uu          , Rrc         , Cud         , Uu          , Uu^Vud      , Uu          , Uu          , Rrc         , Cud         , 2 Kud       , Cud         , Rrc         , Uu          , Uu          , Uu          , Uu^Vud      , Rrc         , Cud         , Xuc         , Xuc         , Uh          , Uu          , Uu          , Xuc         , Xuc         , Xuc         , Uh          , Xuc         , Xuc         , Xuc         , Xuc         , Xuc         , Xuc         , Xuc         
Xuc         , Xuc         , Uu^Uf       , Uu          , Co          , Co          , Xuc         , Uh          , Xuc         , Xuc         , Xuc         , Xuc         , Xuc         , Xuc         , Uu          , Uu          , Uu          , Cud         , Xuc         , Xuc         , Uu          , Uu          , Rrc         , Rrc         , Rrc         , Cud         , Rrc         , Rrc         , Rrc         , Uu^Vud      , Rrc         , Rrc         , Uu          , Rrc         , Ur          , Xu          , Uu^Uf       , Uu^Uf       , Uu          , Xuc         , Uu^Uf       , Uh          , Ur          , Uh          , Cud         , Xuc         , Xuc         , Xuc         , Xuc         , Xuc         
Xuc         , Uu          , Uu^Uf       , Uu^Uf       , Ko          , Co          , Xuc         , Xuc         , Xuc         , Xuc         , Xuc         , Xuc         , Xuc         , Xuc         , Uh          , Uu          , Uu          , Xuc         , Cud         , Cud         , Rrc         , Rrc         , Uu^Vud      , Uu          , Uu^Vud      , Rrc         , Uu          , Uu^Vud      , Uu          , Rrc         , Uu^Vud      , Uu          , Xu          , Cud         , Uh          , Ur          , Ur          , Uu^Uf       , Uu          , Uu^Uf       , Ur          , Ur          , Uu^Uf       , Ur          , Ur          , Cud         , 7 Kud       , Cud         , Uu^Vu       , Uu          
Uu          , Uu^Vu       , Uu          , Co          , Co          , Co          , Xuc         , Xuc         , Xuc         , Xuc         , Xuc         , Xuc         , Xuc         , Xuc         , Uh          , Uu          , Uu          , Uu          , Ur          , Rrc         , Cud         , Uu          , Uu          , Uu          , Rrc         , Rrc         , Xu          , Uu          , Uu^Vud      , Uu          , Xu          , Xu          , Xu          , Xu          , Uh          , Uh          , Uu          , Ur          , Ur          , Ur          , Uu          , Uu^Uf       , Uu          , Uu          , Uu^Uf       , Cud         , Cud         , Uu^Uf       , Ur          , Uu          
Uh          , Uh          , Uh          , Uu          , Xuc         , Xuc         , Xuc         , Xuc         , Xuc         , Xuc         , Xuc         , Xuc         , Xuc         , Uh          , Uu^Uf       , Uu          , Ur          , Ur          , Xu          , Xuc         , Cud         , Kud         , Cud         , Uu^Vud      , Rrc         , Cud         , Xu          , Xu          , Xu          , Xu          , Xu          , Xu          , Xu          , Xu          , Uu          , Uu          , Uu          , Uu          , Uu          , Uu^Vu       , Uu          , Uu          , Uu^Uf       , Uu^Vu       , Uu          , Uu^Uf       , Uh          , Cud         , Uh          , Ur          
Uh          , Uh          , Xuc         , Xuc         , Xuc         , Xuc         , Xuc         , Xuc         , Xuc         , Xuc         , Xuc         , Xuc         , Uu          , Uu^Uf       , Ur          , Ur          , Uu          , Uu          , Xu          , Xuc         , Xuc         , Cud         , Xuc         , Xuc         , Rrc         , Cud         , Xu          , Xu          , Xu          , Xu          , Xu          , Xu          , Uh          , Uu^Uf       , Uu          , Uu          , Uh          , Uh          , Uh          , Uu          , Uu^Uf       , Uu^Uf       , Uh          , Uh          , Xuc         , Uu^Uf       , Xuc         , Uh          , Uu^Uf       , Uu          
Xuc         , Xuc         , Xuc         , Xuc         , Xuc         , Xuc         , Xuc         , Xuc         , Xuc         , Xuc         , Xuc         , Uh          , Uu          , Ur          , Uu          , Uu^Uf       , Uu          , Uu          , Uu          , Xu          , Xu          , Xu          , Xu          , Xu          , Uu          , Uh          , Uh          , Xu          , Xu          , Xu          , Uh          , Uh          , Uu^Uf       , Uu^Uf       , Uu          , Uh          , Xuc         , Xuc         , Xuc         , Xuc         , Xuc         , Uh          , Xuc         , Xuc         , Xuc         , Xuc         , Xuc         , Xuc         , Xuc         , Uu^Uf       
Xuc         , Xuc         , Xuc         , Xuc         , Xuc         , Xuc         , Xuc         , Xuc         , Xuc         , Xuc         , Uh          , Uh          , Uu          , Ur          , Uu^Uf       , Uu^Uf       , Uh          , Uu          , Uu          , Uu          , Uu          , Xu          , Uu          , Uh          , Uh          , Uu          , Uh          , Uu^Uf       , Uu          , Uu          , Uu          , Uu          , Uu          , Uu          , Uh          , Uh          , Xuc         , Xuc         , Xuc         , Xuc         , Xuc         , Xuc         , Xuc         , Xuc         , Xuc         , Xuc         , Xuc         , Xuc         , Xuc         , Xuc         
Xuc         , Xuc         , Xuc         , Xuc         , Xuc         , Xuc         , Xuc         , Xuc         , Xuc         , Xuc         , Uu^Uf       , Uu^Uf       , Uu          , Ur          , Uu          , Uh          , Xuc         , Xuc         , Xuc         , Uu          , Uu          , Uu          , Uu          , Uu          , Uu          , Uu          , Uu          , Uu^Uf       , Uu^Uf       , Uh          , Uh          , Uu^Uf       , Uu^Uf       , Uu^Uf       , Xuc         , Xuc         , Xuc         , Xuc         , Xuc         , Xuc         , Xuc         , Xuc         , Xuc         , Xuc         , Xuc         , Xuc         , Xuc         , Xuc         , Xuc         , Xuc         
Xuc         , Xuc         , Xuc         , Xuc         , Xuc         , Xuc         , Xuc         , Xuc         , Xuc         , Uh          , Uh          , Uu^Uf       , Ur          , Ur          , Uh          , Uh          , Xuc         , Xuc         , Xuc         , Xuc         , Uh          , Uu          , Uh          , Uu^Uf       , Uu^Uf       , Uu          , Uu          , Uu          , Xuc         , Uu          , Xuc         , Uu          , Xuc         , Xuc         , Xuc         , Xuc         , Xuc         , Xuc         , Xuc         , Xuc         , Xuc         , Xuc         , Xuc         , Xuc         , Xuc         , Xuc         , Xuc         , Xuc         , Xuc         , Xuc         
Xuc         , Xuc         , Xuc         , Xuc         , Xuc         , Xuc         , Xuc         , Xuc         , Uu          , Uh          , Uu          , Uu          , Ur          , Uu^Vu       , Uh          , Xuc         , Xuc         , Xuc         , Xuc         , Xuc         , Xuc         , Uh          , Xuc         , Xuc         , Xuc         , Uu          , Xuc         , Xuc         , Uu^Uf       , Xuc         , Uu          , Xuc         , Xuc         , Xuc         , Xuc         , Xuc         , Xuc         , Xuc         , Xuc         , Xuc         , Xuc         , Xuc         , Xuc         , Xuc         , Xuc         , Xuc         , Xuc         , Xuc         , Xuc         , Xuc         
Xuc         , Xuc         , Xuc         , Xuc         , Xuc         , Xuc         , Uh          , Uh          , Uu          , Uu^Vu       , Ur          , Ur          , Uu          , Uh          , Xuc         , Xuc         , Xuc         , Xuc         , Xuc         , Xuc         , Xuc         , Xuc         , Xuc         , Xuc         , Xuc         , Xuc         , Uh          , Uu          , Uu^Uf       , Uu          , Uu          , Uh          , Xuc         , Xuc         , Xuc         , Xuc         , Xuc         , Xuc         , Xuc         , Xuc         , Xuc         , Xuc         , Xuc         , Xuc         , Xuc         , Xuc         , Xuc         , Xuc         , Xuc         , Xuc         
Xuc         , Xuc         , Xuc         , Xuc         , Xuc         , Uu          , Uh          , Uh          , Ur          , Ur          , Uu          , Uu^Uf       , Uh          , Uh          , Xuc         , Xuc         , Xuc         , Xuc         , Xuc         , Xuc         , Xuc         , Xuc         , Xuc         , Xuc         , Xuc         , Xuc         , Uh          , Uu^Uf       , Uu          , Uu^Vu       , Uu          , Uh          , Uh          , Xuc         , Xuc         , Xuc         , Xuc         , Xuc         , Xuc         , Xuc         , Xuc         , Xuc         , Xuc         , Xuc         , Xuc         , Xuc         , Xuc         , Xuc         , Xuc         , Xuc         
Xuc         , Xuc         , Xuc         , Xuc         , Uu          , Uu          , Ur          , Ur          , Uh          , Uu          , Uu^Uf       , Uu^Uf       , Xuc         , Xuc         , Xuc         , Xuc         , Xuc         , Xuc         , Xuc         , Xuc         , Xuc         , Xuc         , Xuc         , Xuc         , Xuc         , Xuc         , Xuc         , Uh          , Uu          , Uh          , Uu          , Uu^Uf       , Uu          , Xuc         , Xuc         , Xuc         , Xuc         , Xuc         , Xuc         , Xuc         , Xuc         , Xuc         , Xuc         , Xuc         , Xuc         , Xuc         , Xuc         , Xuc         , Xuc         , Xuc         
Xuc         , Xuc         , Uu          , Uu          , Ur          , Ur          , Uh          , Uh          , Uh          , Uh          , Xuc         , Xuc         , Xuc         , Xuc         , Xuc         , Xuc         , Xuc         , Xuc         , Xuc         , Xuc         , Xuc         , Xuc         , Xuc         , Xuc         , Xuc         , Xuc         , Xuc         , Uu          , Uu          , Uu          , Uu^Uf       , Uu^Uf       , Uh          , Xuc         , Xuc         , Xuc         , Xuc         , Xuc         , Xuc         , Xuc         , Xuc         , Xuc         , Xuc         , Xuc         , Xuc         , Xuc         , Xuc         , Xuc         , Xuc         , Xuc         
Xuc         , Xuc         , Uu          , Uu^Uf       , Ur          , Uu^Vu       , Uh          , Uh          , Xuc         , Xuc         , Xuc         , Xuc         , Xuc         , Xuc         , Xuc         , Xuc         , Xuc         , Xuc         , Xuc         , Xuc         , Xuc         , Xuc         , Xuc         , Xuc         , Xuc         , Xuc         , Xuc         , Uh          , Uh          , Uu^Vu       , Co          , Uh          , Uh          , Xuc         , Xuc         , Xuc         , Xuc         , Xuc         , Xuc         , Xuc         , Xuc         , Xuc         , Xuc         , Xuc         , Xuc         , Xuc         , Xuc         , Xuc         , Xuc         , Xuc         
Xuc         , Uh          , Uu          , Uu^Uf       , Ur          , Uu          , Uu          , Xuc         , Xuc         , Xuc         , Xuc         , Xuc         , Xuc         , Xuc         , Xuc         , Xuc         , Xuc         , Xuc         , Xuc         , Xuc         , Xuc         , Xuc         , Xuc         , Xuc         , Xuc         , Xuc         , Xuc         , Xuc         , Uu^Uf       , Uu          , Co          , Co          , Uu^Vu       , Uu          , Uu^Uf       , Xuc         , Xuc         , Xuc         , Xuc         , Xuc         , Xuc         , Xuc         , Xuc         , Xuc         , Xuc         , Xuc         , Xuc         , Xuc         , Xuc         , Xuc         
Uh          , Uh          , Cud         , Cud         , Cud         , Uu          , Xuc         , Xuc         , Xuc         , Xuc         , Xuc         , Xuc         , Xuc         , Xuc         , Xuc         , Xuc         , Xuc         , Xuc         , Xuc         , Xuc         , Xuc         , Xuc         , Xuc         , Xuc         , Xuc         , Xuc         , Xuc         , Xuc         , Xuc         , Uu^Uf       , Uh          , 9 Ko        , Co          , Uh          , Uu^Uf       , Xuc         , Xuc         , Xuc         , Xuc         , Xuc         , Xuc         , Xuc         , Xuc         , Xuc         , Xuc         , Xuc         , Xuc         , Xuc         , Xuc         , Xuc         
Uu          , Uu          , Cud         , 8 Kud       , Cud         , Uu          , Xuc         , Xuc         , Xuc         , Xuc         , Xuc         , Xuc         , Xuc         , Xuc         , Xuc         , Xuc         , Xuc         , Xuc         , Xuc         , Xuc         , Xuc         , Xuc         , Xuc         , Xuc         , Xuc         , Xuc         , Xuc         , Xuc         , Xuc         , Uu^Uf       , Uh          , Uh          , Co          , Co          , Uu^Uf       , Uu^Uf       , Uu          , Xuc         , Xuc         , Xuc         , Xuc         , Xuc         , Xuc         , Xuc         , Xuc         , Xuc         , Xuc         , Xuc         , Xuc         , Xuc         
Ur          , Ur          , Uu          , Cud         , Xuc         , Xuc         , Xuc         , Xuc         , Xuc         , Xuc         , Xuc         , Xuc         , Xuc         , Xuc         , Xuc         , Xuc         , Xuc         , Xuc         , Xuc         , Xuc         , Xuc         , Xuc         , Xuc         , Xuc         , Xuc         , Xuc         , Xuc         , Xuc         , Xuc         , Xuc         , Xuc         , Uh          , Uu          , Uu          , Uh          , Uu          , Uu^Vu       , Uu          , Xuc         , Xuc         , Xuc         , Xuc         , Xuc         , Xuc         , Xuc         , Xuc         , Xuc         , Xuc         , Xuc         , Xuc         
Uu^Uf       , Uu^Uf       , Uu          , Uh          , Xuc         , Xuc         , Xuc         , Xuc         , Xuc         , Xuc         , Xuc         , Xuc         , Xuc         , Xuc         , Xuc         , Xuc         , Xuc         , Xuc         , Xuc         , Xuc         , Xuc         , Xuc         , Xuc         , Xuc         , Xuc         , Xuc         , Xuc         , Xuc         , Xuc         , Xuc         , Xuc         , Xuc         , Xuc         , Uu          , Uu          , Uu          , Uh          , Uu^Uf       , Uu^Uf       , Xuc         , Xuc         , Xuc         , Xuc         , Xuc         , Xuc         , Xuc         , Xuc         , Xuc         , Xuc         , Xuc         
Uu^Uf       , Uu^Uf       , Xuc         , Xuc         , Xuc         , Xuc         , Xuc         , Xuc         , Xuc         , Xuc         , Xuc         , Xuc         , Xuc         , Xuc         , Xuc         , Xuc         , Xuc         , Xuc         , Xuc         , Xuc         , Xuc         , Xuc         , Xuc         , Xuc         , Xuc         , Xuc         , Xuc         , Xuc         , Xuc         , Xuc         , Xuc         , Xuc         , Xuc         , Uu          , Uh          , Uh          , Uh          , Uu^Uf       , Uu^Uf       , Xuc         , Xuc         , Xuc         , Xuc         , Xuc         , Xuc         , Xuc         , Xuc         , Xuc         , Xuc         , Xuc         
